Archive member included because of file (symbol)

lib/libbwio.a(bwio.o)         build/init.o (bwputr)
/u/wbcowan/gnuarm-4.0.2/lib/gcc/arm-elf/4.0.2/libgcc.a(_udivsi3.o)
                              lib/libbwio.a(bwio.o) (__udivsi3)
/u/wbcowan/gnuarm-4.0.2/lib/gcc/arm-elf/4.0.2/libgcc.a(_umodsi3.o)
                              lib/libbwio.a(bwio.o) (__umodsi3)
/u/wbcowan/gnuarm-4.0.2/lib/gcc/arm-elf/4.0.2/libgcc.a(_dvmd_tls.o)
                              /u/wbcowan/gnuarm-4.0.2/lib/gcc/arm-elf/4.0.2/libgcc.a(_udivsi3.o) (__div0)

Memory Configuration

Name             Origin             Length             Attributes
ram              0x0000000000218000 0x0000000002000000
rom              0x0000000060000000 0x0000000000800000
*default*        0x0000000000000000 0xffffffffffffffff

Linker script and memory map


data            0x0000000000218000        0x0
                0x0000000000218000                _DataStart = .
 *(.data)
                0x0000000000218000                _DataEnd = .

bss             0x0000000000218000        0x0
                0x0000000000218000                _BssStart = .
 *(.bss)
                0x0000000000218000                _BssEnd = .

text            0x0000000000218000     0x142c
 *(.text)
 .text          0x0000000000218000       0x24 build/init.o
                0x0000000000218000                initialize
 .text          0x0000000000218024       0x10 build/interrupt_handlers.o
                0x0000000000218024                interrupt_handle
 .text          0x0000000000218034       0x54 build/kernel.o
                0x000000000021804c                main
                0x0000000000218034                handle_request
 .text          0x0000000000218088      0x3f8 build/sched.o
                0x0000000000218088                init_schedule
                0x0000000000218388                schedule
                0x000000000021841c                getNextRequest
                0x000000000021835c                activate
                0x0000000000218470                pass_syscall
                0x0000000000218450                parent_tid_syscall
                0x0000000000218124                add_task
 .text          0x0000000000218480       0xac build/syscall.o
                0x00000000002184e0                MyParentTid
                0x0000000000218504                Pass
                0x0000000000218480                Create
                0x00000000002184bc                MyTid
                0x0000000000218518                Exit
 .text          0x000000000021852c      0xc88 lib/libbwio.a(bwio.o)
                0x00000000002188a4                bwputr
                0x0000000000218e10                bwi2a
                0x000000000021852c                bwsetfifo
                0x0000000000218700                bwputc
                0x0000000000218b60                bwa2d
                0x00000000002185f4                bwsetspeed
                0x0000000000219180                panic
                0x00000000002187c4                c2x
                0x0000000000218c08                bwa2i
                0x0000000000218aa8                bwgetc
                0x0000000000218ccc                bwui2a
                0x0000000000218e74                bwformat
                0x00000000002189a0                bwputw
                0x0000000000219148                bwprintf
                0x0000000000218824                bwputx
                0x0000000000218924                bwputstr
 .text          0x00000000002191b4      0x110 /u/wbcowan/gnuarm-4.0.2/lib/gcc/arm-elf/4.0.2/libgcc.a(_udivsi3.o)
                0x00000000002191b4                __udivsi3
                0x00000000002192ac                __aeabi_uidivmod
 .text          0x00000000002192c4       0xcc /u/wbcowan/gnuarm-4.0.2/lib/gcc/arm-elf/4.0.2/libgcc.a(_umodsi3.o)
                0x00000000002192c4                __umodsi3
 .text          0x0000000000219390        0x4 /u/wbcowan/gnuarm-4.0.2/lib/gcc/arm-elf/4.0.2/libgcc.a(_dvmd_tls.o)
                0x0000000000219390                __aeabi_ldiv0
                0x0000000000219390                __div0
                0x0000000000219390                __aeabi_idiv0
 *(.got)
 *(.got.plt)
 .got.plt       0x0000000000219394        0xc build/sched.o
                0x0000000000219394                _GLOBAL_OFFSET_TABLE_
 *(.rodata)
 .rodata        0x00000000002193a0       0x8c build/sched.o
 *(.glue_7)
 *(.glue_7t)

.rel.dyn
LOAD build/init.o
LOAD build/interrupt_handlers.o
LOAD build/kernel.o
LOAD build/sched.o
LOAD build/syscall.o
LOAD lib/libbwio.a
LOAD /u/wbcowan/gnuarm-4.0.2/lib/gcc/arm-elf/4.0.2/libgcc.a
OUTPUT(build/kernel.elf elf32-littlearm)

.comment        0x0000000000000000       0x6c
 .comment       0x0000000000000000       0x12 build/init.o
 .comment       0x0000000000000012       0x12 build/interrupt_handlers.o
 .comment       0x0000000000000024       0x12 build/kernel.o
 .comment       0x0000000000000036       0x12 build/sched.o
 .comment       0x0000000000000048       0x12 build/syscall.o
 .comment       0x000000000000005a       0x12 lib/libbwio.a(bwio.o)

.debug_line     0x0000000000000000      0x14f
 .debug_line    0x0000000000000000       0x86 /u/wbcowan/gnuarm-4.0.2/lib/gcc/arm-elf/4.0.2/libgcc.a(_udivsi3.o)
 .debug_line    0x0000000000000086       0x6f /u/wbcowan/gnuarm-4.0.2/lib/gcc/arm-elf/4.0.2/libgcc.a(_umodsi3.o)
 .debug_line    0x00000000000000f5       0x5a /u/wbcowan/gnuarm-4.0.2/lib/gcc/arm-elf/4.0.2/libgcc.a(_dvmd_tls.o)

.debug_info     0x0000000000000000      0x153
 .debug_info    0x0000000000000000       0x71 /u/wbcowan/gnuarm-4.0.2/lib/gcc/arm-elf/4.0.2/libgcc.a(_udivsi3.o)
 .debug_info    0x0000000000000071       0x71 /u/wbcowan/gnuarm-4.0.2/lib/gcc/arm-elf/4.0.2/libgcc.a(_umodsi3.o)
 .debug_info    0x00000000000000e2       0x71 /u/wbcowan/gnuarm-4.0.2/lib/gcc/arm-elf/4.0.2/libgcc.a(_dvmd_tls.o)

.debug_abbrev   0x0000000000000000       0x3c
 .debug_abbrev  0x0000000000000000       0x14 /u/wbcowan/gnuarm-4.0.2/lib/gcc/arm-elf/4.0.2/libgcc.a(_udivsi3.o)
 .debug_abbrev  0x0000000000000014       0x14 /u/wbcowan/gnuarm-4.0.2/lib/gcc/arm-elf/4.0.2/libgcc.a(_umodsi3.o)
 .debug_abbrev  0x0000000000000028       0x14 /u/wbcowan/gnuarm-4.0.2/lib/gcc/arm-elf/4.0.2/libgcc.a(_dvmd_tls.o)

.debug_aranges  0x0000000000000000       0x60
 .debug_aranges
                0x0000000000000000       0x20 /u/wbcowan/gnuarm-4.0.2/lib/gcc/arm-elf/4.0.2/libgcc.a(_udivsi3.o)
 .debug_aranges
                0x0000000000000020       0x20 /u/wbcowan/gnuarm-4.0.2/lib/gcc/arm-elf/4.0.2/libgcc.a(_umodsi3.o)
 .debug_aranges
                0x0000000000000040       0x20 /u/wbcowan/gnuarm-4.0.2/lib/gcc/arm-elf/4.0.2/libgcc.a(_dvmd_tls.o)
